Calculating task graph as no cached configuration is available for tasks: compileJava
> Task :buildSrc:extractPluginRequests UP-TO-DATE
> Task :buildSrc:generatePluginAdapters UP-TO-DATE
> Task :buildSrc:compileJava UP-TO-DATE
> Task :buildSrc:compileGroovy NO-SOURCE
> Task :buildSrc:compileGroovyPlugins UP-TO-DATE
> Task :buildSrc:pluginDescriptors UP-TO-DATE
> Task :buildSrc:processResources UP-TO-DATE
> Task :buildSrc:classes UP-TO-DATE
> Task :buildSrc:jar UP-TO-DATE

> Task :compileJava FAILED
./gradlew : E:\MyFramework\pa
ssthenote-automation\src\main
\java\com\helix\automation\fr
amework\utils\ScreenshotUtil.
java:3: error: package 
io.qameta.allure does not 
exist
At line:1 char:1
+ ./gradlew compileJava 2>&1 
| Tee-Object -FilePath 
compile_errors.txt
+ ~~~~~~~~~~~~~~~~~~~~~~~~~~
    + CategoryInfo           
   : NotSpecified: (E:\MyFr  
  amework\... does not exi   
 st:String) [], RemoteExc    
eption
    + FullyQualifiedErrorId  
   : NativeCommandError
 
import 
io.qameta.allure.Allure;
                       ^
E:\MyFramework\passthenote-au
tomation\src\main\java\com\he
lix\automation\framework\util
s\ScreenshotUtil.java:34: 
error: cannot find symbol
            
Allure.addAttachment(name, 
"image/png", new ByteArrayInp
utStream(screenshot), "png");
            ^
  symbol:   variable Allure
  location: class 
ScreenshotUtil
E:\MyFramework\passthenote-au
tomation\src\main\java\com\he
lix\automation\framework\util
s\ScreenshotUtil.java:60: 
error: cannot find symbol
            
Allure.addAttachment(name, 
"image/png", new 
ByteArrayInputStream(bytes), 
"png");
            ^
  symbol:   variable Allure
  location: class 
ScreenshotUtil
3 errors

[Incubating] Problems report is available at: file:///E:/MyFramework/passthenote-automation/build/reports/problems/problems-report.html

FAILURE: Build failed with 
an exception.

* What went wrong:
Execution failed for task 
':compileJava'.
> Compilation failed; see 
the compiler output below.
  E:\MyFramework\passthenote-
automation\src\main\java\com\
helix\automation\framework\ut
ils\ScreenshotUtil.java:34: 
error: cannot find symbol
              
Allure.addAttachment(name, 
"image/png", new ByteArrayInp
utStream(screenshot), "png");
              ^
    symbol:   variable Allure
    location: class 
ScreenshotUtil
  E:\MyFramework\passthenote-
automation\src\main\java\com\
helix\automation\framework\ut
ils\ScreenshotUtil.java:60: 
error: cannot find symbol
              
Allure.addAttachment(name, 
"image/png", new 
ByteArrayInputStream(bytes), 
"png");
              ^
    symbol:   variable Allure
    location: class 
ScreenshotUtil
  E:\MyFramework\passthenote-
automation\src\main\java\com\
helix\automation\framework\ut
ils\ScreenshotUtil.java:3: 
error: package 
io.qameta.allure does not 
exist
  import 
io.qameta.allure.Allure;
                         ^
  3 errors

* Try:
> Check your code and 
dependencies to fix the 
compilation error(s)
> Run with --scan to 
generate a Build Scan 
(powered by Develocity).

BUILD FAILED in 3s
8 actionable tasks: 1 executed, 7 up-to-date
Configuration cache entry stored.
