Reusing configuration cache.
> Task :processTestResources UP-TO-DATE
> Task :processResources NO-SOURCE
> Task :compileJava UP-TO-DATE
> Task :classes UP-TO-DATE
> Task :compileTestJava UP-TO-DATE
> Task :testClasses UP-TO-DATE

> Task :test

Gradle suite > Gradle test > com.helix.automation.framework.config.ConfigManagerTest > testClasspathFallback FAILED
    java.lang.AssertionError at ConfigManagerTest.java:41

Gradle suite > Gradle test > com.helix.automation.tests.ui.AdminTests > testAdminDashboardRequiresAdmin FAILED
    java.lang.AssertionError at AdminTests.java:14

Gradle suite > Gradle test > com.helix.automation.tests.ui.ApiExplorerTests > testSendRequestButton FAILED
    org.openqa.selenium.NoSuchElementException at ApiExplorerTests.java:21

Gradle suite > Gradle test > com.helix.automation.tests.ui.HomeNavigationTests > testCTALinks FAILED
    java.lang.AssertionError at HomeNavigationTests.java:14

Gradle suite > Gradle test > com.helix.automation.tests.ui.NotesTests > testComposeNoteVisibleWhenLoggedIn FAILED
    java.lang.AssertionError at NotesTests.java:19

Gradle suite > Gradle test > com.helix.automation.tests.ui.NotesTests > testNotesFilterAndComposeVisibility FAILED
    java.lang.AssertionError at NotesTests.java:33

Gradle suite > Gradle test > com.helix.automation.tests.ui.SignupTests > testSignupPasswordMismatchValidation FAILED
    org.openqa.selenium.NoSuchElementException at SignupTests.java:28

Gradle suite > Gradle test > com.helix.automation.tests.ui.SignupTests > testSignupRequiredFieldsValidation FAILED
    java.lang.AssertionError at SignupTests.java:42

Gradle suite > Gradle test > com.helix.automation.tests.ui.SignupTests > testSuccessfulAccountCreation FAILED
    org.openqa.selenium.NoSuchElementException at SignupTests.java:14

Gradle suite > Gradle test > com.helix.automation.tests.ui.tests.LoginTests > testLoginPageLoads FAILED
    java.lang.AssertionError at LoginTests.java:25
./gradlew : 
At line:1 char:1
+ ./gradlew test > 
test_output.txt 2>&1
+ ~~~~~~~~~~~~~~~~~~~~
~~~~~~~~~~~~~~~~~
    + CategoryInfo    
          : 
NotSpecified: (:St    
ring) [], 
RemoteExcept    ion
    + 
FullyQualifiedErrorI  
  d : 
NativeCommandError
 
49 tests completed, 
10 failed, 25 skipped

> Task :test FAILED

FAILURE: Build failed 
with an exception.

* What went wrong:
Execution failed for 
task ':test'.
> There were failing 
tests. See the report 
at: file:///E:/MyFrame
work/passthenote-autom
ation/build/reports/te
sts/test/index.html

* Try:
> Run with --scan to 
generate a Build Scan 
(powered by 
Develocity).

BUILD FAILED in 11m 
41s
4 actionable tasks: 1 executed, 3 up-to-date
Configuration cache entry reused.
